00:00 +0: loading C:/Users/dec/source/repos/SummitMate/test/providers/poll_provider_test.dart
flutter : test/providers/poll_provider_test.dart:31:54: Error: No named p
arameter with the name 'client'.
At line:1 char:1
+ flutter test > test_output.txt 2>&1
+ ~~~~~~~~~~~~~~~~~~~~~~~~~~~~~~~~~~~
    + CategoryInfo          : NotSpecified: (test/providers/... name 'cl 
   ient'.:String) [], RemoteException
    + FullyQualifiedErrorId : NativeCommandError
 
    getIt.registerSingleton<PollService>(PollService(client: mockClient, 
baseUrl: 'https://mock.api'));
                                                     ^^^^^^
lib/services/poll_service.dart:17:3: Context: Found this candidate, but t
he arguments don't match.
  PollService({GasApiClient? apiClient}) : _apiClient = apiClient ?? GasA
piClient(baseUrl: EnvConfig.getApiUrl());
  ^^^^^^^^^^^
00:00 +0 -1: loading C:/Users/dec/source/repos/SummitMate/test/providers/poll_provider_test.dart [E]
  Failed to load "C:/Users/dec/source/repos/SummitMate/test/providers/poll_provider_test.dart":
  Compilation failed for testPath=C:/Users/dec/source/repos/SummitMate/test/providers/poll_provider_test.dart: test/providers/poll_provider_test.dart:31:54: Error: No named parameter with the name 'client'.
      getIt.registerSingleton<PollService>(PollService(client: mockClient, baseUrl: 'https://mock.api'));
                                                       ^^^^^^
  lib/services/poll_service.dart:17:3: Context: Found this candidate, but the arguments don't match.
    PollService({GasApiClient? apiClient}) : _apiClient = apiClient ?? GasApiClient(baseUrl: EnvConfig.getApiUrl());
    ^^^^^^^^^^^
  .
  Error: The Dart compiler exited unexpectedly.
  package:flutter_tools/src/base/common.dart 34:3  throwToolExit
  package:flutter_tools/src/compile.dart 911:11    DefaultResidentCompiler._compile.<fn>
  dart:async/zone.dart 1538:47                     _rootRunUnary
  dart:async/zone.dart 1429:19                     _CustomZone.runUnary
  dart:async/future_impl.dart 948:45               Future._propagateToListeners.handleValueCallback
  dart:async/future_impl.dart 977:13               Future._propagateToListeners
  dart:async/future_impl.dart 862:9                Future._propagateToListeners
  dart:async/future_impl.dart 720:5                Future._completeWithValue
  dart:async/future_impl.dart 804:7                Future._asyncCompleteWithValue.<fn>
  dart:async/zone.dart 1525:13                     _rootRun
  dart:async/zone.dart 1422:19                     _CustomZone.run
  dart:async/zone.dart 1321:7                      _CustomZone.runGuarded
  dart:async/zone.dart 1362:23                     _CustomZone.bindCallbackGuarded.<fn>
  dart:async/schedule_microtask.dart 40:35         _microtaskLoop
  dart:async/schedule_microtask.dart 49:5          _startMicrotaskLoop
  dart:isolate-patch/isolate_patch.dart 127:13     _runPendingImmediateCallback
  dart:isolate-patch/isolate_patch.dart 194:5      _RawReceivePort._handleMessage
  
test/services/poll_service_test.dart:20:31: Error: No named parameter wit
h the name 'client'.
    pollService = PollService(client: mockClient, baseUrl: 'https://mock.
api');
                              ^^^^^^
lib/services/poll_service.dart:17:3: Context: Found this candidate, but t
he arguments don't match.
  PollService({GasApiClient? apiClient}) : _apiClient = apiClient ?? GasA
piClient(baseUrl: EnvConfig.getApiUrl());
  ^^^^^^^^^^^
00:00 +0 -2: loading C:/Users/dec/source/repos/SummitMate/test/services/poll_service_test.dart [E]
  Failed to load "C:/Users/dec/source/repos/SummitMate/test/services/poll_service_test.dart":
  Compilation failed for testPath=C:/Users/dec/source/repos/SummitMate/test/services/poll_service_test.dart: test/services/poll_service_test.dart:20:31: Error: No named parameter with the name 'client'.
      pollService = PollService(client: mockClient, baseUrl: 'https://mock.api');
                                ^^^^^^
  lib/services/poll_service.dart:17:3: Context: Found this candidate, but the arguments don't match.
    PollService({GasApiClient? apiClient}) : _apiClient = apiClient ?? GasApiClient(baseUrl: EnvConfig.getApiUrl());
    ^^^^^^^^^^^
  .
00:00 +0 -2: loading C:/Users/dec/source/repos/SummitMate/test/providers/poll_provider_test.dart [E]
  Error: The Dart compiler exited unexpectedly.
  package:flutter_tools/src/base/common.dart 34:3  throwToolExit
  package:flutter_tools/src/compile.dart 911:11    DefaultResidentCompiler._compile.<fn>
  dart:async/zone.dart 1538:47                     _rootRunUnary
  dart:async/zone.dart 1429:19                     _CustomZone.runUnary
  dart:async/future_impl.dart 948:45               Future._propagateToListeners.handleValueCallback
  dart:async/future_impl.dart 977:13               Future._propagateToListeners
  dart:async/future_impl.dart 862:9                Future._propagateToListeners
  dart:async/future_impl.dart 720:5                Future._completeWithValue
  dart:async/future_impl.dart 804:7                Future._asyncCompleteWithValue.<fn>
  dart:async/zone.dart 1525:13                     _rootRun
  dart:async/zone.dart 1422:19                     _CustomZone.run
  dart:async/zone.dart 1321:7                      _CustomZone.runGuarded
  dart:async/zone.dart 1362:23                     _CustomZone.bindCallbackGuarded.<fn>
  dart:async/schedule_microtask.dart 40:35         _microtaskLoop
  dart:async/schedule_microtask.dart 49:5          _startMicrotaskLoop
  dart:isolate-patch/isolate_patch.dart 127:13     _runPendingImmediateCallback
  dart:isolate-patch/isolate_patch.dart 194:5      _RawReceivePort._handleMessage
  
00:00 +0 -2: C:/Users/dec/source/repos/SummitMate/test/unit/models/gear_item_test.dart: GearItem Model Tests should create with default values
00:00 +1 -2: C:/Users/dec/source/repos/SummitMate/test/unit/models/gear_item_test.dart: GearItem Model Tests should create with named parameters
00:00 +2 -2: C:/Users/dec/source/repos/SummitMate/test/unit/models/gear_item_test.dart: GearItem Model Tests should toggle isChecked
00:00 +3 -2: C:/Users/dec/source/repos/SummitMate/test/unit/models/gear_item_test.dart: GearItem Model Tests should calculate weightInKg correctly
00:00 +4 -2: C:/Users/dec/source/repos/SummitMate/test/unit/models/gear_item_test.dart: GearItem Model Tests should validate category values
00:00 +5 -2: C:/Users/dec/source/repos/SummitMate/test/unit/models/gear_item_test.dart: GearItem Model Tests should calculate total weight for multiple items
00:00 +6 -2: C:/Users/dec/source/repos/SummitMate/test/unit/models/gear_item_test.dart: GearItem Model Tests should convert to/from JSON
00:00 +7 -2: C:/Users/dec/source/repos/SummitMate/test/unit/models/itinerary_item_test.dart: ItineraryItem Model Tests should create with default values
00:00 +8 -2: C:/Users/dec/source/repos/SummitMate/test/unit/models/itinerary_item_test.dart: ItineraryItem Model Tests should create with named parameters
00:00 +9 -2: C:/Users/dec/source/repos/SummitMate/test/unit/models/itinerary_item_test.dart: ItineraryItem Model Tests should report not checked in when actualTime is null
00:00 +10 -2: C:/Users/dec/source/repos/SummitMate/test/unit/models/itinerary_item_test.dart: ItineraryItem Model Tests should report checked in when actualTime is set
00:00 +11 -2: C:/Users/dec/source/repos/SummitMate/test/unit/models/itinerary_item_test.dart: ItineraryItem Model Tests should validate day format
00:00 +12 -2: C:/Users/dec/source/repos/SummitMate/test/unit/models/itinerary_item_test.dart: ItineraryItem Model Tests should convert to/from JSON
00:00 +13 -2: C:/Users/dec/source/repos/SummitMate/test/unit/models/meal_model_test.dart: MealItem Tests should create MealItem correctly
00:00 +14 -2: C:/Users/dec/source/repos/SummitMate/test/unit/models/meal_model_test.dart: MealItem Tests should copyWith correctly
00:00 +15 -2: C:/Users/dec/source/repos/SummitMate/test/unit/models/meal_model_test.dart: DailyMealPlan Tests should calculate total weight and calories correctly
00:00 +16 -2: C:/Users/dec/source/repos/SummitMate/test/unit/models/meal_model_test.dart: DailyMealPlan Tests should return 0 for empty plan
00:00 +17 -2: C:/Users/dec/source/repos/SummitMate/test/unit/models/message_test.dart: Message Model Tests should create with default values
00:00 +18 -2: C:/Users/dec/source/repos/SummitMate/test/unit/models/message_test.dart: Message Model Tests should create with named parameters
00:00 +19 -2: C:/Users/dec/source/repos/SummitMate/test/unit/models/message_test.dart: Message Model Tests should report isReply false when parentId is null
00:00 +20 -2: C:/Users/dec/source/repos/SummitMate/test/unit/models/message_test.dart: Message Model Tests should report isReply true when parentId is set
00:00 +21 -2: C:/Users/dec/source/repos/SummitMate/test/unit/models/message_test.dart: Message Model Tests should convert to/from JSON
00:00 +22 -2: C:/Users/dec/source/repos/SummitMate/test/unit/models/message_test.dart: Message Model Tests should handle nested reply structure
00:00 +23 -2: C:/Users/dec/source/repos/SummitMate/test/unit/models/settings_test.dart: Settings Model Tests should create with default values
00:00 +24 -2: C:/Users/dec/source/repos/SummitMate/test/unit/models/settings_test.dart: Settings Model Tests should create with withDefaults factory
00:00 +25 -2: C:/Users/dec/source/repos/SummitMate/test/unit/models/settings_test.dart: Settings Model Tests should update username
00:00 +26 -2: C:/Users/dec/source/repos/SummitMate/test/unit/models/settings_test.dart: Settings Model Tests should update lastSyncTime
00:00 +27 -2: C:/Users/dec/source/repos/SummitMate/test/unit/providers/itinerary_logic_test.dart: ItineraryProvider Logic Tests should calculate progress correctly
18:33:01 [INFO   ] [Itinerary] ItineraryProvider 初始化
18:33:01 [DEBUG  ] [Itinerary] 載入 3 個行程節點
00:00 +28 -2: C:/Users/dec/source/repos/SummitMate/test/unit/providers/itinerary_logic_test.dart: ItineraryProvider Logic Tests progress should be 0 when empty
18:33:01 [INFO   ] [Itinerary] ItineraryProvider 初始化
18:33:01 [DEBUG  ] [Itinerary] 載入 0 個行程節點
00:00 +29 -2: C:/Users/dec/source/repos/SummitMate/test/unit/providers/itinerary_logic_test.dart: ItineraryProvider Logic Tests currentTarget should return first unchecked item of selected day
18:33:01 [INFO   ] [Itinerary] ItineraryProvider 初始化
18:33:01 [DEBUG  ] [Itinerary] 載入 3 個行程節點
18:33:01 [DEBUG  ] [Itinerary] 切換到 D1
00:00 +30 -2: C:/Users/dec/source/repos/SummitMate/test/unit/providers/itinerary_logic_test.dart: ItineraryProvider Logic Tests checkIn should call repository and reload
18:33:01 [INFO   ] [Itinerary] ItineraryProvider 初始化
18:33:01 [DEBUG  ] [Itinerary] 載入 1 個行程節點
18:33:01 [INFO   ] [Itinerary] 打卡: A @ 18:33
18:33:01 [DEBUG  ] [Itinerary] 載入 1 個行程節點
00:00 +31 -2: C:/Users/dec/source/repos/SummitMate/test/unit/providers/itinerary_logic_test.dart: ItineraryProvider Logic Tests reload should just reload items
18:33:01 [INFO   ] [Itinerary] ItineraryProvider 初始化
18:33:01 [DEBUG  ] [Itinerary] 載入 0 個行程節點
18:33:01 [DEBUG  ] [Itinerary] 行程重新載入
18:33:01 [DEBUG  ] [Itinerary] 載入 0 個行程節點
00:01 +32 -2: C:/Users/dec/source/repos/SummitMate/test/unit/providers/meal_provider_test.dart: MealProvider Tests initial state should have D0, D1, D2
00:01 +33 -2: C:/Users/dec/source/repos/SummitMate/test/unit/providers/meal_provider_test.dart: MealProvider Tests addMealItem should add item and update total weight
00:01 +34 -2: C:/Users/dec/source/repos/SummitMate/test/unit/providers/meal_provider_test.dart: MealProvider Tests addMealItem across multiple days should accumulate weight
00:01 +35 -2: C:/Users/dec/source/repos/SummitMate/test/unit/providers/meal_provider_test.dart: MealProvider Tests removeMealItem should remove item and update weight
test/unit/services/google_sheets_service_test.dart:37:43: Error: No named
 parameter with the name 'client'.
      final service = GoogleSheetsService(client: mockClient, baseUrl: 'h
ttps://mock.api.com');
                                          ^^^^^^
lib/services/google_sheets_service.dart:17:3: Context: Found this candida
te, but the arguments don't match.
  GoogleSheetsService({GasApiClient? apiClient})
  ^^^^^^^^^^^^^^^^^^^
test/unit/services/google_sheets_service_test.dart:53:43: Error: No named
 parameter with the name 'client'.
      final service = GoogleSheetsService(client: mockClient, baseUrl: 'h
ttps://mock.api.com');
                                          ^^^^^^
lib/services/google_sheets_service.dart:17:3: Context: Found this candida
te, but the arguments don't match.
  GoogleSheetsService({GasApiClient? apiClient})
  ^^^^^^^^^^^^^^^^^^^
test/unit/services/google_sheets_service_test.dart:68:43: Error: No named
 parameter with the name 'client'.
      final service = GoogleSheetsService(client: mockClient, baseUrl: 'h
ttps://mock.api.com');
                                          ^^^^^^
lib/services/google_sheets_service.dart:17:3: Context: Found this candida
te, but the arguments don't match.
  GoogleSheetsService({GasApiClient? apiClient})
  ^^^^^^^^^^^^^^^^^^^
test/unit/services/google_sheets_service_test.dart:95:43: Error: No named
 parameter with the name 'client'.
      final service = GoogleSheetsService(client: mockClient, baseUrl: 'h
ttps://mock.api.com');
                                          ^^^^^^
lib/services/google_sheets_service.dart:17:3: Context: Found this candida
te, but the arguments don't match.
  GoogleSheetsService({GasApiClient? apiClient})
  ^^^^^^^^^^^^^^^^^^^
test/unit/services/google_sheets_service_test.dart:111:43: Error: No name
d parameter with the name 'client'.
      final service = GoogleSheetsService(client: mockClient, baseUrl: 'h
ttps://mock.api.com');
                                          ^^^^^^
lib/services/google_sheets_service.dart:17:3: Context: Found this candida
te, but the arguments don't match.
  GoogleSheetsService({GasApiClient? apiClient})
  ^^^^^^^^^^^^^^^^^^^
00:01 +36 -2: C:/Users/dec/source/repos/SummitMate/test/unit/providers/meal_provider_test.dart: MealProvider Tests addMealItem should ignore invalid day
00:01 +37 -3: loading C:/Users/dec/source/repos/SummitMate/test/unit/services/google_sheets_service_test.dart [E]
  Failed to load "C:/Users/dec/source/repos/SummitMate/test/unit/services/google_sheets_service_test.dart":
  Compilation failed for testPath=C:/Users/dec/source/repos/SummitMate/test/unit/services/google_sheets_service_test.dart: test/unit/services/google_sheets_service_test.dart:37:43: Error: No named parameter with the name 'client'.
        final service = GoogleSheetsService(client: mockClient, baseUrl: 'https://mock.api.com');
                                            ^^^^^^
  lib/services/google_sheets_service.dart:17:3: Context: Found this candidate, but the arguments don't match.
    GoogleSheetsService({GasApiClient? apiClient})
    ^^^^^^^^^^^^^^^^^^^
  test/unit/services/google_sheets_service_test.dart:53:43: Error: No named parameter with the name 'client'.
        final service = GoogleSheetsService(client: mockClient, baseUrl: 'https://mock.api.com');
                                            ^^^^^^
  lib/services/google_sheets_service.dart:17:3: Context: Found this candidate, but the arguments don't match.
    GoogleSheetsService({GasApiClient? apiClient})
    ^^^^^^^^^^^^^^^^^^^
  test/unit/services/google_sheets_service_test.dart:68:43: Error: No named parameter with the name 'client'.
        final service = GoogleSheetsService(client: mockClient, baseUrl: 'https://mock.api.com');
                                            ^^^^^^
  lib/services/google_sheets_service.dart:17:3: Context: Found this candidate, but the arguments don't match.
    GoogleSheetsService({GasApiClient? apiClient})
    ^^^^^^^^^^^^^^^^^^^
  test/unit/services/google_sheets_service_test.dart:95:43: Error: No named parameter with the name 'client'.
        final service = GoogleSheetsService(client: mockClient, baseUrl: 'https://mock.api.com');
                                            ^^^^^^
  lib/services/google_sheets_service.dart:17:3: Context: Found this candidate, but the arguments don't match.
    GoogleSheetsService({GasApiClient? apiClient})
    ^^^^^^^^^^^^^^^^^^^
  test/unit/services/google_sheets_service_test.dart:111:43: Error: No named parameter with the name 'client'.
        final service = GoogleSheetsService(client: mockClient, baseUrl: 'https://mock.api.com');
                                            ^^^^^^
  lib/services/google_sheets_service.dart:17:3: Context: Found this candidate, but the arguments don't match.
    GoogleSheetsService({GasApiClient? apiClient})
    ^^^^^^^^^^^^^^^^^^^
  .
00:01 +37 -3: loading C:/Users/dec/source/repos/SummitMate/test/providers/poll_provider_test.dart [E]
  Error: The Dart compiler exited unexpectedly.
  package:flutter_tools/src/base/common.dart 34:3  throwToolExit
  package:flutter_tools/src/compile.dart 911:11    DefaultResidentCompiler._compile.<fn>
  dart:async/zone.dart 1538:47                     _rootRunUnary
  dart:async/zone.dart 1429:19                     _CustomZone.runUnary
  dart:async/future_impl.dart 948:45               Future._propagateToListeners.handleValueCallback
  dart:async/future_impl.dart 977:13               Future._propagateToListeners
  dart:async/future_impl.dart 862:9                Future._propagateToListeners
  dart:async/future_impl.dart 720:5                Future._completeWithValue
  dart:async/future_impl.dart 804:7                Future._asyncCompleteWithValue.<fn>
  dart:async/zone.dart 1525:13                     _rootRun
  dart:async/zone.dart 1422:19                     _CustomZone.run
  dart:async/zone.dart 1321:7                      _CustomZone.runGuarded
  dart:async/zone.dart 1362:23                     _CustomZone.bindCallbackGuarded.<fn>
  dart:async/schedule_microtask.dart 40:35         _microtaskLoop
  dart:async/schedule_microtask.dart 49:5          _startMicrotaskLoop
  dart:isolate-patch/isolate_patch.dart 127:13     _runPendingImmediateCallback
  dart:isolate-patch/isolate_patch.dart 194:5      _RawReceivePort._handleMessage
  
00:01 +37 -3: C:/Users/dec/source/repos/SummitMate/test/unit/providers/message_logic_test.dart: MessageProvider Logic Tests should load messages on initialization
00:01 +38 -3: C:/Users/dec/source/repos/SummitMate/test/unit/providers/message_logic_test.dart: MessageProvider Logic Tests get currentCategoryMessages should filter by category and exclude replies
00:01 +39 -3: C:/Users/dec/source/repos/SummitMate/test/unit/providers/message_logic_test.dart: MessageProvider Logic Tests getReplies should return children of specific parent
00:01 +40 -3: C:/Users/dec/source/repos/SummitMate/test/unit/providers/message_logic_test.dart: MessageProvider Logic Tests addMessage should call syncService and reload
00:01 +41 -3: C:/Users/dec/source/repos/SummitMate/test/unit/providers/message_logic_test.dart: MessageProvider Logic Tests deleteMessage should call syncService and reload
00:02 +42 -3: C:/Users/dec/source/repos/SummitMate/test/unit/services/log_service_test.dart: LogEntry should create from constructor
00:02 +43 -3: C:/Users/dec/source/repos/SummitMate/test/unit/services/log_service_test.dart: LogEntry should format correctly
00:02 +44 -3: C:/Users/dec/source/repos/SummitMate/test/unit/services/log_service_test.dart: LogEntry should format without source
00:02 +45 -3: C:/Users/dec/source/repos/SummitMate/test/unit/services/log_service_test.dart: LogEntry should convert to/from JSON
00:02 +46 -3: C:/Users/dec/source/repos/SummitMate/test/unit/services/log_service_test.dart: LogLevel should have 4 levels
00:02 +47 -3: C:/Users/dec/source/repos/SummitMate/test/unit/services/log_service_test.dart: LogLevel should have correct values
00:02 +48 -3: C:/Users/dec/source/repos/SummitMate/test/unit/services/sync_service_test.dart: SyncService Tests syncAll should skip when offline
00:02 +49 -3: C:/Users/dec/source/repos/SummitMate/test/unit/services/sync_service_test.dart: SyncService Tests syncAll should coordinate full sync successfully
18:33:03 [INFO   ] [SyncService] SyncAll: Fetching ALL (Itinerary + Messages)
00:02 +49 -4: C:/Users/dec/source/repos/SummitMate/test/unit/services/sync_service_test.dart: SyncService Tests syncAll should coordinate full sync successfully [E]
  Expected: true
    Actual: <false>
  
  package:matcher                                     expect
  package:flutter_test/src/widget_tester.dart 473:18  expect
  test\unit\services\sync_service_test.dart 93:7      main.<fn>.<fn>
  
00:02 +49 -4: C:/Users/dec/source/repos/SummitMate/test/unit/services/sync_service_test.dart: SyncService Tests syncAll should upload pending messages
18:33:03 [INFO   ] [SyncService] SyncAll: Fetching ALL (Itinerary + Messages)
18:33:03 [INFO   ] [SyncService] Batch uploading 1 messages...
00:02 +50 -4: C:/Users/dec/source/repos/SummitMate/test/unit/services/sync_service_test.dart: SyncService Tests syncAll should handle fetch failure
18:33:03 [INFO   ] [SyncService] SyncAll: Fetching ALL (Itinerary + Messages)
00:02 +51 -4: C:/Users/dec/source/repos/SummitMate/test/unit/services/sync_service_test.dart: SyncService Tests addMessageAndSync should skip upload when offline
18:33:03 [INFO   ] [SyncService] 離線模式：跳過留言上傳
00:02 +52 -4: C:/Users/dec/source/repos/SummitMate/test/unit/services/sync_service_test.dart: SyncService Tests addMessageAndSync should save locally and then upload
00:02 +53 -4: C:/Users/dec/source/repos/SummitMate/test/unit/services/sync_service_test.dart: SyncService Tests deleteMessageAndSync should delete locally and then from cloud
00:02 +54 -4: C:/Users/dec/source/repos/SummitMate/test/unit/services/toast_service_test.dart: ToastService messengerKey should be GlobalKey
00:02 +55 -4: C:/Users/dec/source/repos/SummitMate/test/unit/services/toast_service_test.dart: ToastService messengerKey should be static singleton
00:02 +56 -4: C:/Users/dec/source/repos/SummitMate/test/widget_test.dart: Basic Widget Tests MaterialApp can be created
00:03 +57 -4: C:/Users/dec/source/repos/SummitMate/test/widget_test.dart: Basic Widget Tests BottomNavigationBar renders correctly
00:03 +58 -4: C:/Users/dec/source/repos/SummitMate/test/widget_test.dart: Basic Widget Tests Onboarding TextField renders
00:03 +59 -4: Some tests failed.
